ERROR 14:26:25,622 - line  15 - Identifier TVF already defined in this scope.
ERROR 14:26:25,622 - line  16 - "this" is not an allowed variable name.
ERROR 14:26:25,622 - line  20 - Identifier a already defined in this scope.