ERROR 17:08:03,135 - line   1 - Function void main() is not defined.