ERROR 17:12:21,071 - line   3 - Undeclared type [Integer].