ERROR 17:13:29,560 - line   5 - Identifier a already defined in this scope.
ERROR 17:13:29,560 - line  11 - Identifier b already defined in this scope.
ERROR 17:13:29,560 - line  13 - Identifier d already defined in this scope.