
test   0:  0 1 then 1
test   1:  0 1
test   2:  0
test   3:  0
test   4:  0 1 then 1
test   5:  0 1 else 1
test   6:  0
test   7:  0
test   8:  0 1 then 1
test   9:  0 1 else 1
test  10:  0 else 0
test  11:  0 else 0
test  12:  0 then 0
test  13:  0 then 0
test  14:  0 1 then 1
test  15:  0 1
test  16:  0 then 0
test  17:  0 then 0
test  18:  0 1 then 1
test  19:  0 1 else 1
test  20:  0 1 2 then 2
test  21:  0 1 2 else 2
test  22:  0 1 else 1
test  23:  0 1 else 1
test  24:  0
test  25:  0
test  26:  0
test  27:  0
test  28:  0 1 2 then 2
test  29:  0 1 2 3 then 3
test  30:  0 1 else 1
test  31:  0 1 else 1
test  32:  0
test  33:  0
test  34:  0
test  35:  0
test  36:  0 1 2 then 2
test  37:  0 1 2 3 else 3
test  38:  0 1 else 1
test  39:  0 1 else 1
test  40:  0
test  41:  0
test  42:  0
test  43:  0